ExpansionTraderAIIrena.Food+Drinks+Med_Supplies|5832.77 16.0288 13006.9|275.499 0.0 0.0|BoxCerealCrunchin,Bandana_Polkapattern,MiniDress_PinkChecker,NBCBootsWhite
ExpansionTraderAIKeiko.Bunnings|5856.27 4.43901 12991.7|220.314 0.0 0.0|Wrench,SledgeHammer,WorkingGloves_Brown,ConstructionHelmet_White,Shirt_BlueCheck,CanvasPants_Blue,WorkingBoots_Grey
ExpansionTraderAIFrida.Apparel|5864.17 4.35892 13000.6|158.497 0.0 0.0|ThickFramesGlasses,WomanSuit_Black,SlacksPants_Black,DressShoes_Black
ExpansionTraderAITaiki.Weapons|5866.75 4.43322 13001.5|157.929 0.0 0.0|FirefighterAxe,SVD,PSO1Optic,M4A1,M4_RISHndgrd,Universallight,M4_OEBttstck,M68Optic,M4_Suppressor,TacticalGloves_Green,MilitaryBeret_CDF,PlateCarrierVest,USMCJacket_Woodland,USMCPants_Woodland,MilitaryBoots_Black,AliceBag_Camo
ExpansionTraderAICyril.Weapon_Supplies|5868.92 4.43853 12995 5755.33|332.264 0.0 0.0|Mag_STANAG_30Rnd,SportGlasses_Orange,BaseballCap_Camo,TacticalShirt_Olive,SmershVest,BDUPants,TTSKOBoots,AssaultBag_Ttsko
ExpansionTraderAIHassan.Heliz|5814.4 12.3463 13010.5|242.278 0.0 0.0|LugWrench,WorkingGloves_Black,ReflexVest,JumpsuitJacket_Blue,JumpsuitPants_Blue,HikingBootsLow_Blue
ExpansionTraderAIManua.BM|12938.4 2.71387 7311.81|205.655 0.0 0.0|AKM,AK_WoodHndgrd,AK_FoldingBttstck,KobraOptic,SVD,PSO1Optic,TacticalGoggles,TacticalGloves_Green,GorkaHelmet,BandanaMask_CamoPattern,UKAssVest_Camo,GorkaEJacket_Summer,GorkaPants_Summer,MilitaryBoots_Black,AliceBag_Camo
ExpansionTraderAINaomi.Music|5848.1 4.41157 12994.2|136.213 0.0 0.0|LDzRadio_SonyWalkMan,MilitaryBelt,Bandana_Polkapattern,DenimJacket,TTSKOPants,MilitaryBoots_Redpunk
ExpansionTraderAIJose.Boatz|5827.44 3.30184 12947.3|20.9055 0.0 0.0|SantasBeard,BeanieHat_Black,FishingRod,WorkingGloves_Black,ReflexVest,Raincoat_Yellow,JumpsuitPants_Blue,HikingBootsLow_Blue
ExpansionTraderAIGabi.Drug_Dealer|9146.77 72.234 10953.7|52.8675 0.0 0.0|CP_CannabisBrickBlackFrost,PsilocybeMushroom,SportGlasses_Orange,BaseballCap_Camo,TacticalShirt_Olive,SmershVest,Skirt_Blue,JungleBoots_Olive,AssaultBag_Ttsko
ExpansionTraderAIHelga.Transport|5845.48 4.43106 12993.6|141.255 0.0 0.0|LugWrench,WorkingGloves_Black,ReflexVest,JumpsuitJacket_Blue,JumpsuitPants_Blue,HikingBootsLow_Blue
ExpansionTraderAIOliver.Lets_Hunt|5854.6 4.35781 12996.2|212.749 0.0 0.0|Paragon_KATT_Black,maCleaver,Paragon_TacJacket_Digital_Flora,Paragon_TacPants_Digital_Desert,Paragon_GunSling_Desert,Paragon_TacBoots_WL
ExpansionTraderAILewis.Base_Building_Plus|5857.15 4.36787 12989.5|244.195 0.0 0.0|Screwdriver,Hammer,WorkingGloves_Beige,ConstructionHelmet_Lime,Shirt_PlaneBlack,BDUPants,WorkingBoots_Beige
ExpansionTraderAIJudy.FracSoulz|5862.26 4.35891 12999.9|178.663 0.0 0.0|FracSoulz_HuntingKnife1,RidersJacket_Aces,FracSoulz_Cargo_Pants13,FracSoulz_TacticalBoots1,FracSoulz_MilitaryBelt3,FracSoulz_DrysackBag